// Jest Snapshot v1, https://goo.gl/fbAQLP

exports[`SleepLog Page matches the snapshot 1`] = `
<View
  accessibilityState={
    {
      "busy": undefined,
      "checked": undefined,
      "disabled": undefined,
      "expanded": undefined,
      "selected": undefined,
    }
  }
  accessible={false}
  focusable={true}
  onClick={[Function]}
  onResponderGrant={[Function]}
  onResponderMove={[Function]}
  onResponderRelease={[Function]}
  onResponderTerminate={[Function]}
  onResponderTerminationRequest={[Function]}
  onStartShouldSetResponder={[Function]}
  style={
    {
      "alignItems": "center",
      "backgroundColor": "#FBCD5A",
      "flex": 1,
      "paddingTop": 65,
    }
  }
>
  <View
    style={
      {
        "alignSelf": "flex-start",
        "marginBottom": 15,
        "marginLeft": 15,
        "marginTop": 10,
      }
    }
  >
    <View
      testID="BackButton"
    >
      <View
        accessibilityState={
          {
            "busy": undefined,
            "checked": undefined,
            "disabled": undefined,
            "expanded": undefined,
            "selected": undefined,
          }
        }
        accessibilityValue={
          {
            "max": undefined,
            "min": undefined,
            "now": undefined,
            "text": undefined,
          }
        }
        accessible={true}
        collapsable={false}
        focusable={true}
        onClick={[Function]}
        onResponderGrant={[Function]}
        onResponderMove={[Function]}
        onResponderRelease={[Function]}
        onResponderTerminate={[Function]}
        onResponderTerminationRequest={[Function]}
        onStartShouldSetResponder={[Function]}
        style={
          {
            "alignItems": "center",
            "backgroundColor": "#0D3A4F",
            "borderRadius": 5,
            "color": "white",
            "height": 29,
            "justifyContent": "center",
            "margin": 10,
            "opacity": 1,
            "width": 28,
          }
        }
        testID="touchableBack"
      >
        <Image
          source={
            {
              "testUri": "../../../src/assets/images/backarrow.png",
            }
          }
          style={
            {
              "height": 18,
              "margin": 3,
              "width": 18,
            }
          }
        />
      </View>
    </View>
  </View>
  <View
    style={
      {
        "backgroundColor": "white",
        "borderRadius": 10,
        "height": "80%",
        "padding": 20,
        "paddingBottom": 30,
        "paddingTop": 30,
        "width": "85%",
      }
    }
  >
    <View
      style={
        {
          "marginBottom": 20,
        }
      }
    >
      <TextInput
        onChangeText={[Function]}
        placeholder="Title"
        style={
          {
            "backgroundColor": "#FEF5DE",
            "borderRadius": 5,
            "fontFamily": "OpenSans-Bold",
            "fontSize": 20,
            "height": 50,
            "padding": 10,
            "textAlign": "left",
          }
        }
        testID="TitleInput"
        value=""
      />
    </View>
    <View
      style={
        {
          "flexDirection": "row",
          "marginBottom": 20,
        }
      }
    >
      <Text
        style={
          {
            "fontFamily": "OpenSans-Bold",
            "fontSize": 16,
            "textAlign": "left",
          }
        }
      >
        Time
      </Text>
      <View
        testID="TimeSelect"
      >
        <View
          accessibilityState={
            {
              "busy": undefined,
              "checked": undefined,
              "disabled": undefined,
              "expanded": undefined,
              "selected": undefined,
            }
          }
          accessibilityValue={
            {
              "max": undefined,
              "min": undefined,
              "now": undefined,
              "text": undefined,
            }
          }
          accessible={true}
          collapsable={false}
          focusable={true}
          onClick={[Function]}
          onResponderGrant={[Function]}
          onResponderMove={[Function]}
          onResponderRelease={[Function]}
          onResponderTerminate={[Function]}
          onResponderTerminationRequest={[Function]}
          onStartShouldSetResponder={[Function]}
          style={
            {
              "backgroundColor": "#cce7f3",
              "borderRadius": 5,
              "height": 25,
              "justifyContent": "center",
              "marginStart": 10,
              "opacity": 1,
              "paddingEnd": 10,
              "paddingStart": 10,
              "textAlign": "center",
            }
          }
          testID="touchableTime"
        >
          <Text
            style={
              {
                "color": "grey",
              }
            }
          >
            9:30am
          </Text>
        </View>
      </View>
    </View>
    <View
      style={
        {
          "flexDirection": "row",
          "marginBottom": 20,
        }
      }
    >
      <Text
        style={
          {
            "fontFamily": "OpenSans-Bold",
            "fontSize": 16,
            "textAlign": "left",
          }
        }
      >
        Nap?
      </Text>
      <View
        accessibilityState={
          {
            "busy": undefined,
            "checked": undefined,
            "disabled": undefined,
            "expanded": undefined,
            "selected": undefined,
          }
        }
        accessibilityValue={
          {
            "max": undefined,
            "min": undefined,
            "now": undefined,
            "text": undefined,
          }
        }
        accessible={true}
        collapsable={false}
        focusable={true}
        onClick={[Function]}
        onResponderGrant={[Function]}
        onResponderMove={[Function]}
        onResponderRelease={[Function]}
        onResponderTerminate={[Function]}
        onResponderTerminationRequest={[Function]}
        onStartShouldSetResponder={[Function]}
        style={
          {
            "opacity": 1,
          }
        }
        testID="touchableToggle"
      >
        <View
          style={
            [
              {
                "borderRadius": 25,
                "height": 25,
                "justifyContent": "center",
                "marginStart": 10,
                "width": 50,
              },
              {
                "alignItems": "flex-start",
                "backgroundColor": "#D6D6D6",
              },
            ]
          }
        >
          <View
            style={
              {
                "backgroundColor": "white",
                "borderRadius": 10,
                "height": 18,
                "margin": 4,
                "width": 18,
              }
            }
          />
        </View>
      </View>
    </View>
    <View
      style={
        {
          "flexDirection": "row",
          "marginBottom": 20,
        }
      }
    >
      <Text
        style={
          {
            "fontFamily": "OpenSans-Bold",
            "fontSize": 16,
            "textAlign": "left",
          }
        }
      >
        Duration
      </Text>
      <View
        testID="DurationSelect"
      >
        <View
          style={
            {
              "alignItems": "center",
              "backgroundColor": "#cce7f3",
              "borderRadius": 5,
              "flexDirection": "row",
              "height": 25,
              "marginStart": 10,
              "paddingEnd": 10,
              "paddingStart": 10,
              "textAlign": "center",
            }
          }
        >
          <View
            accessibilityState={
              {
                "busy": undefined,
                "checked": undefined,
                "disabled": undefined,
                "expanded": undefined,
                "selected": undefined,
              }
            }
            accessibilityValue={
              {
                "max": undefined,
                "min": undefined,
                "now": undefined,
                "text": undefined,
              }
            }
            accessible={true}
            collapsable={false}
            focusable={true}
            onClick={[Function]}
            onResponderGrant={[Function]}
            onResponderMove={[Function]}
            onResponderRelease={[Function]}
            onResponderTerminate={[Function]}
            onResponderTerminationRequest={[Function]}
            onStartShouldSetResponder={[Function]}
            style={
              {
                "backgroundColor": "#cce7f3",
                "opacity": 1,
              }
            }
          >
            <Text>
              -
            </Text>
          </View>
          <TextInput
            activeOpacity={1}
            keyboardType="numeric"
            onChangeText={[Function]}
            style={
              [
                {
                  "marginStart": 10,
                },
                {
                  "color": "grey",
                },
              ]
            }
            testID="durationInput"
            value="0"
          />
          <Text
            style={
              [
                {
                  "marginEnd": 10,
                  "marginStart": 5,
                },
                {
                  "color": "grey",
                },
              ]
            }
            testID="labelText"
          >
            hours
          </Text>
          <View
            accessibilityState={
              {
                "busy": undefined,
                "checked": undefined,
                "disabled": undefined,
                "expanded": undefined,
                "selected": undefined,
              }
            }
            accessibilityValue={
              {
                "max": undefined,
                "min": undefined,
                "now": undefined,
                "text": undefined,
              }
            }
            accessible={true}
            collapsable={false}
            focusable={true}
            onClick={[Function]}
            onResponderGrant={[Function]}
            onResponderMove={[Function]}
            onResponderRelease={[Function]}
            onResponderTerminate={[Function]}
            onResponderTerminationRequest={[Function]}
            onStartShouldSetResponder={[Function]}
            style={
              {
                "backgroundColor": "#cce7f3",
                "opacity": 1,
              }
            }
          >
            <Text>
              +
            </Text>
          </View>
        </View>
      </View>
    </View>
    <View
      style={
        {
          "marginBottom": 20,
        }
      }
    >
      <Text
        style={
          {
            "fontFamily": "OpenSans-Bold",
            "fontSize": 16,
            "textAlign": "left",
          }
        }
      >
        Quality
      </Text>
      <View
        style={
          {
            "flexDirection": "row",
            "justifyContent": "space-between",
          }
        }
      >
        <View
          style={
            {
              "backgroundColor": "#cce7f3",
              "borderColor": "#8ECAE6",
              "borderWidth": 1,
              "height": 10,
              "marginLeft": 5,
              "marginTop": 12,
              "position": "absolute",
              "top": "50%",
              "width": "90%",
              "zIndex": 0,
            }
          }
          testID="ThreeOptionBar"
        />
        <View>
          <Text
            style={
              {
                "marginBottom": 3,
                "marginTop": 10,
                "width": "100%",
              }
            }
          >
            Low
          </Text>
          <View
            accessibilityState={
              {
                "busy": undefined,
                "checked": undefined,
                "disabled": undefined,
                "expanded": undefined,
                "selected": undefined,
              }
            }
            accessibilityValue={
              {
                "max": undefined,
                "min": undefined,
                "now": undefined,
                "text": undefined,
              }
            }
            accessible={true}
            collapsable={false}
            focusable={true}
            onClick={[Function]}
            onResponderGrant={[Function]}
            onResponderMove={[Function]}
            onResponderRelease={[Function]}
            onResponderTerminate={[Function]}
            onResponderTerminationRequest={[Function]}
            onStartShouldSetResponder={[Function]}
            style={
              {
                "backgroundColor": "#cce7f3",
                "borderColor": "#8ECAE6",
                "borderRadius": 20,
                "borderWidth": 1,
                "height": 30,
                "marginTop": 5,
                "opacity": 1,
                "width": 30,
                "zIndex": 1,
              }
            }
            testID="touchableThree"
          />
        </View>
        <View>
          <Text
            style={
              {
                "marginBottom": 3,
                "marginTop": 10,
                "width": "100%",
              }
            }
          >
            Medium
          </Text>
          <View
            accessibilityState={
              {
                "busy": undefined,
                "checked": undefined,
                "disabled": undefined,
                "expanded": undefined,
                "selected": undefined,
              }
            }
            accessibilityValue={
              {
                "max": undefined,
                "min": undefined,
                "now": undefined,
                "text": undefined,
              }
            }
            accessible={true}
            collapsable={false}
            focusable={true}
            onClick={[Function]}
            onResponderGrant={[Function]}
            onResponderMove={[Function]}
            onResponderRelease={[Function]}
            onResponderTerminate={[Function]}
            onResponderTerminationRequest={[Function]}
            onStartShouldSetResponder={[Function]}
            style={
              {
                "backgroundColor": "#cce7f3",
                "borderColor": "#8ECAE6",
                "borderRadius": 20,
                "borderWidth": 1,
                "height": 30,
                "left": "50%",
                "marginLeft": -15,
                "marginTop": 5,
                "opacity": 1,
                "width": 30,
                "zIndex": 1,
              }
            }
            testID="touchableThree"
          />
        </View>
        <View>
          <Text
            style={
              {
                "marginBottom": 3,
                "marginTop": 10,
                "width": "100%",
              }
            }
          >
            High
          </Text>
          <View
            accessibilityState={
              {
                "busy": undefined,
                "checked": undefined,
                "disabled": undefined,
                "expanded": undefined,
                "selected": undefined,
              }
            }
            accessibilityValue={
              {
                "max": undefined,
                "min": undefined,
                "now": undefined,
                "text": undefined,
              }
            }
            accessible={true}
            collapsable={false}
            focusable={true}
            onClick={[Function]}
            onResponderGrant={[Function]}
            onResponderMove={[Function]}
            onResponderRelease={[Function]}
            onResponderTerminate={[Function]}
            onResponderTerminationRequest={[Function]}
            onStartShouldSetResponder={[Function]}
            style={
              {
                "backgroundColor": "#cce7f3",
                "borderColor": "#8ECAE6",
                "borderRadius": 20,
                "borderWidth": 1,
                "height": 30,
                "marginTop": 5,
                "opacity": 1,
                "width": 30,
                "zIndex": 1,
              }
            }
            testID="touchableThree"
          />
        </View>
      </View>
    </View>
    <View
      style={
        {
          "marginTop": 10,
        }
      }
    >
      <TextInput
        multiline={true}
        onChangeText={[Function]}
        placeholder="Description"
        style={
          [
            {
              "backgroundColor": "#FEF5DE",
              "borderRadius": 5,
              "height": 125,
              "paddingLeft": 10,
              "paddingRight": 10,
              "paddingTop": 10,
              "textAlign": "left",
              "textAlignVertical": "top",
            },
          ]
        }
        testID="DescriptionInput"
        value=""
      />
    </View>
    <View
      style={
        {
          "alignItems": "center",
          "bottom": 30,
          "justifyContent": "flex-end",
          "left": 0,
          "marginTop": 20,
          "position": "absolute",
          "right": 0,
        }
      }
    >
      <View
        accessibilityState={
          {
            "busy": undefined,
            "checked": undefined,
            "disabled": undefined,
            "expanded": undefined,
            "selected": undefined,
          }
        }
        accessibilityValue={
          {
            "max": undefined,
            "min": undefined,
            "now": undefined,
            "text": undefined,
          }
        }
        accessible={true}
        collapsable={false}
        focusable={true}
        onClick={[Function]}
        onResponderGrant={[Function]}
        onResponderMove={[Function]}
        onResponderRelease={[Function]}
        onResponderTerminate={[Function]}
        onResponderTerminationRequest={[Function]}
        onStartShouldSetResponder={[Function]}
        style={
          {
            "alignItems": "center",
            "backgroundColor": "#0D3A4F",
            "borderRadius": 10,
            "color": "white",
            "height": 50,
            "justifyContent": "center",
            "opacity": 1,
            "padding": 10,
            "width": 250,
          }
        }
        testID="AddHabitButton"
      >
        <Text
          style={
            {
              "color": "white",
              "fontFamily": "OpenSans-Bold",
              "fontSize": 20,
              "textAlign": "center",
            }
          }
        >
          Add Sleep
        </Text>
      </View>
    </View>
  </View>
</View>
`;
